// Jest Snapshot v1, https://goo.gl/fbAQLP

exports[`Navbar renders a navbar with text 1`] = `
<styled.nav>
  <Link
    to="/"
  >
    Home
  </Link>
</styled.nav>
`;
